CRITICAL - 2026-07-21 08:21:26 --> ErrorException: Undefined variable $solde
[Method: POST, Route: client/insertionCompteEpargne]
in APPPATH/Views/client/insertionCompteEpargne.php on line 14.
 1 APPPATH/Views/client/insertionCompteEpargne.php(14): CodeIgniter\Debug\Exceptions->errorHandler()
 2 SYSTEMPATH/View/View.php(240): include('/home/aropih/MpiaroS4/M.Rojo/CodeIgniter/Operateur_4280_4285/app/Views/client/insertionCompteEpargne.php')
 3 SYSTEMPATH/View/View.php(243): CodeIgniter\View\View->CodeIgniter\View\{closure}()
 4 SYSTEMPATH/Common.php(1250): CodeIgniter\View\View->render()
 5 APPPATH/Controllers/ClientController.php(406): view()
 6 SYSTEMPATH/CodeIgniter.php(951): App\Controllers\ClientController->doInsertionCompteEpargne()
 7 SYSTEMPATH/CodeIgniter.php(497): CodeIgniter\CodeIgniter->runController()
 8 SYSTEMPATH/CodeIgniter.php(340): CodeIgniter\CodeIgniter->handleRequest()
 9 SYSTEMPATH/Boot.php(417): CodeIgniter\CodeIgniter->run()
10 SYSTEMPATH/Boot.php(68): CodeIgniter\Boot::runCodeIgniter()
11 FCPATH/index.php(59): CodeIgniter\Boot::bootWeb()
12 SYSTEMPATH/rewrite.php(44): require_once('/home/aropih/MpiaroS4/M.Rojo/CodeIgniter/Operateur_4280_4285/public/index.php')
CRITICAL - 2026-07-21 08:22:05 --> ErrorException: Undefined variable $solde
[Method: POST, Route: client/insertionCompteEpargne]
in APPPATH/Views/client/insertionCompteEpargne.php on line 14.
 1 APPPATH/Views/client/insertionCompteEpargne.php(14): CodeIgniter\Debug\Exceptions->errorHandler()
 2 SYSTEMPATH/View/View.php(240): include('/home/aropih/MpiaroS4/M.Rojo/CodeIgniter/Operateur_4280_4285/app/Views/client/insertionCompteEpargne.php')
 3 SYSTEMPATH/View/View.php(243): CodeIgniter\View\View->CodeIgniter\View\{closure}()
 4 SYSTEMPATH/Common.php(1250): CodeIgniter\View\View->render()
 5 APPPATH/Controllers/ClientController.php(406): view()
 6 SYSTEMPATH/CodeIgniter.php(951): App\Controllers\ClientController->doInsertionCompteEpargne()
 7 SYSTEMPATH/CodeIgniter.php(497): CodeIgniter\CodeIgniter->runController()
 8 SYSTEMPATH/CodeIgniter.php(340): CodeIgniter\CodeIgniter->handleRequest()
 9 SYSTEMPATH/Boot.php(417): CodeIgniter\CodeIgniter->run()
10 SYSTEMPATH/Boot.php(68): CodeIgniter\Boot::runCodeIgniter()
11 FCPATH/index.php(59): CodeIgniter\Boot::bootWeb()
12 SYSTEMPATH/rewrite.php(44): require_once('/home/aropih/MpiaroS4/M.Rojo/CodeIgniter/Operateur_4280_4285/public/index.php')
